// Jest Snapshot v1, https://goo.gl/fbAQLP

exports[`Panel should match the snapshot 1`] = `
.c0 {
  box-shadow: 0 2px 2px 0 rgba(0,0,0,0.14),0 3px 1px -2px rgba(0,0,0,0.2),0 1px 5px 0 rgba(0,0,0,0.12);
  padding: 10px;
  margin-bottom: 8px;
}

<div
  className="c0"
>
  My content
</div>
`;
